2023-06-09 11:13:25.839315 ERROR - test_file.py::test_module::test_function::10 - Test error message
